*** Using Compiler 'V6.18', folder: 'D:\Keil_v5\Core\ARM\ARMCLANG\Bin'
Rebuild target 'New_zuqiu_PK'
assembling startup_stm32f103xe.s...
compiling gpio.c...
compiling main.c...
compiling stm32f1xx_hal_rcc_ex.c...
compiling stm32f1xx_hal_pwr.c...
compiling stm32f1xx_hal_gpio_ex.c...
compiling stm32f1xx_hal_flash_ex.c...
compiling stm32f1xx_it.c...
compiling stm32f1xx_hal_dma.c...
compiling stm32f1xx_hal_rcc.c...
compiling system_stm32f1xx.c...
compiling stm32f1xx_hal_gpio.c...
compiling tim.c...
compiling stm32f1xx_hal_exti.c...
compiling stm32f1xx_hal_cortex.c...
compiling usart.c...
compiling dma.c...
compiling stm32f1xx_hal.c...
compiling stm32f1xx_hal_msp.c...
compiling PID_Cnotrol.c...
compiling BSP_433.c...
compiling Printf_DMA.c...
compiling stm32f1xx_hal_flash.c...
compiling BSP_Servo.c...
compiling stm32f1xx_hal_tim_ex.c...
compiling stm32f1xx_hal_uart.c...
compiling stm32f1xx_hal_tim.c...
linking...
Program Size: Code=14146 RO-data=378 RW-data=116 ZI-data=3052  
FromELF: creating hex file...
"New_zuqiu_PK\New_zuqiu_PK.axf" - 0 Error(s), 0 Warning(s).
Build Time Elapsed:  00:00:02
